
   PASS  Tests\Unit\ExampleTest
  Γ£ô that true is true                                        0.01s  

   FAIL  Tests\Feature\NavigationTest
  Γ£ô it charge la page d accueil avec succes                  0.28s  
  Γ£ô it charge la page a propos avec succes                   0.02s  
  Γ¿» it charge un profil utilisateur existant                 0.02s  
  Γ¿» it charge un post existant                               0.01s  
  Γ£ô it renvoie une erreur 404 pour un utilisateur introuvabΓÇª 0.02s  
  Γ£ô it renvoie une erreur 404 pour un post introuvable       0.02s  
  ΓöÇΓöÇΓöÇΓöÇΓöÇΓöÇΓöÇΓöÇΓöÇΓöÇΓöÇΓöÇΓöÇΓöÇΓöÇΓöÇΓöÇΓöÇΓöÇΓöÇΓöÇΓöÇΓöÇΓöÇΓöÇΓöÇΓöÇΓöÇΓöÇΓöÇΓöÇΓöÇΓöÇΓöÇΓöÇΓöÇΓöÇΓöÇΓöÇΓöÇΓöÇΓöÇΓöÇΓöÇΓöÇΓöÇΓöÇΓöÇΓöÇΓöÇΓöÇΓöÇΓöÇΓöÇΓöÇΓöÇΓöÇΓöÇΓöÇΓöÇΓöÇΓöÇΓöÇΓöÇ  
   FAILED  Tests\Feature\NavigationTestΓÇª   BadMethodCallException   
  Call to undefined method App\Models\User::factory()

  at vendor\laravel\framework\src\Illuminate\Support\Traits\ForwardsCalls.php:67
     63Γûò      * @throws \BadMethodCallException
     64Γûò      */
     65Γûò     protected static function throwBadMethodCallException($method)
     66Γûò     {
  Γ₧£  67Γûò         throw new BadMethodCallException(sprintf(
     68Γûò             'Call to undefined method %s::%s()', static::class, $method
     69Γûò         ));
     70Γûò     }
     71Γûò }

  1   vendor\laravel\framework\src\Illuminate\Support\Traits\ForwardsCalls.php:67
  2   vendor\laravel\framework\src\Illuminate\Support\Traits\ForwardsCalls.php:36

  ΓöÇΓöÇΓöÇΓöÇΓöÇΓöÇΓöÇΓöÇΓöÇΓöÇΓöÇΓöÇΓöÇΓöÇΓöÇΓöÇΓöÇΓöÇΓöÇΓöÇΓöÇΓöÇΓöÇΓöÇΓöÇΓöÇΓöÇΓöÇΓöÇΓöÇΓöÇΓöÇΓöÇΓöÇΓöÇΓöÇΓöÇΓöÇΓöÇΓöÇΓöÇΓöÇΓöÇΓöÇΓöÇΓöÇΓöÇΓöÇΓöÇΓöÇΓöÇΓöÇΓöÇΓöÇΓöÇΓöÇΓöÇΓöÇΓöÇΓöÇΓöÇΓöÇΓöÇΓöÇ  
   FAILED  Tests\Feature\NavigationTestΓÇª   BadMethodCallException   
  Call to undefined method App\Models\User::factory()

  at vendor\laravel\framework\src\Illuminate\Support\Traits\ForwardsCalls.php:67
     63Γûò      * @throws \BadMethodCallException
     64Γûò      */
     65Γûò     protected static function throwBadMethodCallException($method)
     66Γûò     {
  Γ₧£  67Γûò         throw new BadMethodCallException(sprintf(
     68Γûò             'Call to undefined method %s::%s()', static::class, $method
     69Γûò         ));
     70Γûò     }
     71Γûò }

  1   vendor\laravel\framework\src\Illuminate\Support\Traits\ForwardsCalls.php:67
  2   vendor\laravel\framework\src\Illuminate\Support\Traits\ForwardsCalls.php:36


  Tests:    2 failed, 5 passed (5 assertions)
  Duration: 0.52s

